// Jest Snapshot v1, https://goo.gl/fbAQLP

exports[`matches snapshot 1`] = `
<div
  className="App"
>
  <header
    className="sc-papXJ eRUEEF"
  >
    Finacial Transaction App (
    2019
    )
  </header>
  <div
    className="sc-iBkjds nRCRT"
  >
    <div
      className="sc-ftvSup cNfXxm"
    >
      <div
        className="sc-bczRLJ cEqQhQ"
      >
        <div
          className="sc-gsnTZi ikIKCL"
        >
          Sun
        </div>
        <div
          className="sc-gsnTZi ikIKCL"
        >
          Mon
        </div>
        <div
          className="sc-gsnTZi ikIKCL"
        >
          Tue
        </div>
        <div
          className="sc-gsnTZi ikIKCL"
        >
          Wed
        </div>
        <div
          className="sc-gsnTZi ikIKCL"
        >
          Thu
        </div>
        <div
          className="sc-gsnTZi ikIKCL"
        >
          Fri
        </div>
        <div
          className="sc-gsnTZi ikIKCL"
        >
          Sat
        </div>
      </div>
      <div
        className="sc-dkzDqf eagYuv"
      >
        <div
          className="sc-hKMtZM cQDrfA"
        />
        <div
          className="sc-eCYdqJ jlggeC"
        />
        <div
          className="sc-eCYdqJ jlggeC"
        />
        <div
          className="sc-eCYdqJ jlggeC"
        />
        <div
          className="sc-eCYdqJ jlggeC"
        />
        <div
          className="sc-eCYdqJ jlggeC"
        />
        <div
          className="sc-eCYdqJ jlggeC"
        />
        <div
          className="sc-eCYdqJ jlggeC"
        />
        <div
          className="sc-eCYdqJ jlggeC"
        />
        <div
          className="sc-eCYdqJ jlggeC"
        />
        <div
          className="sc-eCYdqJ jlggeC"
        />
        <div
          className="sc-eCYdqJ jlggeC"
        />
        <div
          className="sc-eCYdqJ jlggeC"
        />
        <div
          className="sc-eCYdqJ jlggeC"
        />
        <div
          className="sc-eCYdqJ jlggeC"
        />
        <div
          className="sc-eCYdqJ jlggeC"
        />
        <div
          className="sc-eCYdqJ jlggeC"
        />
        <div
          className="sc-eCYdqJ jlggeC"
        />
        <div
          className="sc-eCYdqJ jlggeC"
        />
        <div
          className="sc-eCYdqJ jlggeC"
        />
        <div
          className="sc-eCYdqJ jlggeC"
        />
        <div
          className="sc-eCYdqJ jlggeC"
        />
        <div
          className="sc-eCYdqJ jlggeC"
        />
        <div
          className="sc-eCYdqJ jlggeC"
        />
        <div
          className="sc-eCYdqJ jlggeC"
        />
        <div
          className="sc-eCYdqJ jlggeC"
        />
        <div
          className="sc-eCYdqJ jlggeC"
        />
        <div
          className="sc-eCYdqJ jlggeC"
        />
        <div
          className="sc-eCYdqJ jlggeC"
        />
        <div
          className="sc-eCYdqJ jlggeC"
        />
        <div
          className="sc-eCYdqJ jlggeC"
        />
        <div
          className="sc-eCYdqJ jlggeC"
        />
        <div
          className="sc-eCYdqJ jlggeC"
        />
        <div
          className="sc-eCYdqJ jlggeC"
        />
        <div
          className="sc-eCYdqJ jlggeC"
        />
        <div
          className="sc-eCYdqJ jlggeC"
        />
        <div
          className="sc-eCYdqJ jlggeC"
        />
        <div
          className="sc-eCYdqJ jlggeC"
        />
        <div
          className="sc-eCYdqJ jlggeC"
        />
        <div
          className="sc-eCYdqJ jlggeC"
        />
        <div
          className="sc-eCYdqJ jlggeC"
        />
        <div
          className="sc-eCYdqJ jlggeC"
        />
        <div
          className="sc-eCYdqJ jlggeC"
        />
        <div
          className="sc-eCYdqJ jlggeC"
        />
        <div
          className="sc-eCYdqJ jlggeC"
        />
        <div
          className="sc-eCYdqJ jlggeC"
        />
        <div
          className="sc-eCYdqJ jlggeC"
        />
        <div
          className="sc-eCYdqJ jlggeC"
        />
        <div
          className="sc-eCYdqJ jlggeC"
        />
        <div
          className="sc-eCYdqJ jlggeC"
        />
        <div
          className="sc-eCYdqJ jlggeC"
        />
        <div
          className="sc-eCYdqJ jlggeC"
        />
        <div
          className="sc-eCYdqJ jlggeC"
        />
        <div
          className="sc-eCYdqJ jlggeC"
        />
        <div
          className="sc-eCYdqJ jlggeC"
        />
        <div
          className="sc-eCYdqJ jlggeC"
        />
        <div
          className="sc-eCYdqJ jlggeC"
        />
        <div
          className="sc-eCYdqJ jlggeC"
        />
        <div
          className="sc-eCYdqJ jlggeC"
        />
        <div
          className="sc-eCYdqJ jlggeC"
        />
        <div
          className="sc-eCYdqJ jlggeC"
        />
        <div
          className="sc-eCYdqJ jlggeC"
        />
        <div
          className="sc-eCYdqJ jlggeC"
        />
        <div
          className="sc-eCYdqJ jlggeC"
        />
        <div
          className="sc-eCYdqJ jlggeC"
        />
        <div
          className="sc-eCYdqJ jlggeC"
        />
        <div
          className="sc-eCYdqJ jlggeC"
        />
        <div
          className="sc-eCYdqJ jlggeC"
        />
        <div
          className="sc-eCYdqJ jlggeC"
        />
        <div
          className="sc-eCYdqJ jlggeC"
        />
        <div
          className="sc-eCYdqJ jlggeC"
        />
        <div
          className="sc-eCYdqJ jlggeC"
        />
        <div
          className="sc-eCYdqJ jlggeC"
        />
        <div
          className="sc-eCYdqJ jlggeC"
        />
        <div
          className="sc-eCYdqJ jlggeC"
        />
        <div
          className="sc-eCYdqJ jlggeC"
        />
        <div
          className="sc-eCYdqJ jlggeC"
        />
        <div
          className="sc-eCYdqJ jlggeC"
        />
        <div
          className="sc-eCYdqJ jlggeC"
        />
        <div
          className="sc-eCYdqJ jlggeC"
        />
        <div
          className="sc-eCYdqJ jlggeC"
        />
        <div
          className="sc-eCYdqJ jlggeC"
        />
        <div
          className="sc-eCYdqJ jlggeC"
        />
        <div
          className="sc-eCYdqJ jlggeC"
        />
        <div
          className="sc-eCYdqJ jlggeC"
        />
        <div
          className="sc-eCYdqJ jlggeC"
        />
        <div
          className="sc-eCYdqJ jlggeC"
        />
        <div
          className="sc-eCYdqJ jlggeC"
        />
        <div
          className="sc-eCYdqJ jlggeC"
        />
        <div
          className="sc-eCYdqJ jlggeC"
        />
        <div
          className="sc-eCYdqJ jlggeC"
        />
        <div
          className="sc-eCYdqJ jlggeC"
        />
        <div
          className="sc-eCYdqJ jlggeC"
        />
        <div
          className="sc-eCYdqJ jlggeC"
        />
        <div
          className="sc-eCYdqJ jlggeC"
        />
        <div
          className="sc-eCYdqJ jlggeC"
        />
        <div
          className="sc-eCYdqJ jlggeC"
        />
        <div
          className="sc-eCYdqJ jlggeC"
        />
        <div
          className="sc-eCYdqJ jlggeC"
        />
        <div
          className="sc-eCYdqJ jlggeC"
        />
        <div
          className="sc-eCYdqJ jlggeC"
        />
        <div
          className="sc-eCYdqJ jlggeC"
        />
        <div
          className="sc-eCYdqJ jlggeC"
        />
        <div
          className="sc-eCYdqJ jlggeC"
        />
        <div
          className="sc-eCYdqJ jlggeC"
        />
        <div
          className="sc-eCYdqJ jlggeC"
        />
        <div
          className="sc-eCYdqJ jlggeC"
        />
        <div
          className="sc-eCYdqJ jlggeC"
        />
        <div
          className="sc-eCYdqJ jlggeC"
        />
        <div
          className="sc-eCYdqJ jlggeC"
        />
        <div
          className="sc-eCYdqJ jlggeC"
        />
        <div
          className="sc-eCYdqJ jlggeC"
        />
        <div
          className="sc-eCYdqJ jlggeC"
        />
        <div
          className="sc-eCYdqJ jlggeC"
        />
        <div
          className="sc-eCYdqJ jlggeC"
        />
        <div
          className="sc-eCYdqJ jlggeC"
        />
        <div
          className="sc-eCYdqJ jlggeC"
        />
        <div
          className="sc-eCYdqJ jlggeC"
        />
        <div
          className="sc-eCYdqJ jlggeC"
        />
        <div
          className="sc-eCYdqJ jlggeC"
        />
        <div
          className="sc-eCYdqJ jlggeC"
        />
        <div
          className="sc-eCYdqJ jlggeC"
        />
        <div
          className="sc-eCYdqJ jlggeC"
        />
        <div
          className="sc-eCYdqJ jlggeC"
        />
        <div
          className="sc-eCYdqJ jlggeC"
        />
        <div
          className="sc-eCYdqJ jlggeC"
        />
        <div
          className="sc-eCYdqJ jlggeC"
        />
        <div
          className="sc-eCYdqJ jlggeC"
        />
        <div
          className="sc-eCYdqJ jlggeC"
        />
        <div
          className="sc-eCYdqJ jlggeC"
        />
        <div
          className="sc-eCYdqJ jlggeC"
        />
        <div
          className="sc-eCYdqJ jlggeC"
        />
        <div
          className="sc-eCYdqJ jlggeC"
        />
        <div
          className="sc-eCYdqJ jlggeC"
        />
        <div
          className="sc-eCYdqJ jlggeC"
        />
        <div
          className="sc-eCYdqJ jlggeC"
        />
        <div
          className="sc-eCYdqJ jlggeC"
        />
        <div
          className="sc-eCYdqJ jlggeC"
        />
        <div
          className="sc-eCYdqJ jlggeC"
        />
        <div
          className="sc-eCYdqJ jlggeC"
        />
        <div
          className="sc-eCYdqJ jlggeC"
        />
        <div
          className="sc-eCYdqJ jlggeC"
        />
        <div
          className="sc-eCYdqJ jlggeC"
        />
        <div
          className="sc-eCYdqJ jlggeC"
        />
        <div
          className="sc-eCYdqJ jlggeC"
        />
        <div
          className="sc-eCYdqJ jlggeC"
        />
        <div
          className="sc-eCYdqJ jlggeC"
        />
        <div
          className="sc-eCYdqJ jlggeC"
        />
        <div
          className="sc-eCYdqJ jlggeC"
        />
        <div
          className="sc-eCYdqJ jlggeC"
        />
        <div
          className="sc-eCYdqJ jlggeC"
        />
        <div
          className="sc-eCYdqJ jlggeC"
        />
        <div
          className="sc-eCYdqJ jlggeC"
        />
        <div
          className="sc-eCYdqJ jlggeC"
        />
        <div
          className="sc-eCYdqJ jlggeC"
        />
        <div
          className="sc-eCYdqJ jlggeC"
        />
        <div
          className="sc-eCYdqJ jlggeC"
        />
        <div
          className="sc-eCYdqJ jlggeC"
        />
        <div
          className="sc-eCYdqJ jlggeC"
        />
        <div
          className="sc-eCYdqJ jlggeC"
        />
        <div
          className="sc-eCYdqJ jlggeC"
        />
        <div
          className="sc-eCYdqJ jlggeC"
        />
        <div
          className="sc-eCYdqJ jlggeC"
        />
        <div
          className="sc-eCYdqJ jlggeC"
        />
        <div
          className="sc-eCYdqJ jlggeC"
        />
        <div
          className="sc-eCYdqJ jlggeC"
        />
        <div
          className="sc-eCYdqJ jlggeC"
        />
        <div
          className="sc-eCYdqJ jlggeC"
        />
        <div
          className="sc-eCYdqJ jlggeC"
        />
        <div
          className="sc-eCYdqJ jlggeC"
        />
        <div
          className="sc-eCYdqJ jlggeC"
        />
        <div
          className="sc-eCYdqJ jlggeC"
        />
        <div
          className="sc-eCYdqJ jlggeC"
        />
        <div
          className="sc-eCYdqJ jlggeC"
        />
        <div
          className="sc-eCYdqJ jlggeC"
        />
        <div
          className="sc-eCYdqJ jlggeC"
        />
        <div
          className="sc-eCYdqJ jlggeC"
        />
        <div
          className="sc-eCYdqJ jlggeC"
        />
        <div
          className="sc-eCYdqJ jlggeC"
        />
        <div
          className="sc-eCYdqJ jlggeC"
        />
        <div
          className="sc-eCYdqJ jlggeC"
        />
        <div
          className="sc-eCYdqJ jlggeC"
        />
        <div
          className="sc-eCYdqJ jlggeC"
        />
        <div
          className="sc-eCYdqJ jlggeC"
        />
        <div
          className="sc-eCYdqJ jlggeC"
        />
        <div
          className="sc-eCYdqJ jlggeC"
        />
        <div
          className="sc-eCYdqJ jlggeC"
        />
        <div
          className="sc-eCYdqJ jlggeC"
        />
        <div
          className="sc-eCYdqJ jlggeC"
        />
        <div
          className="sc-eCYdqJ jlggeC"
        />
        <div
          className="sc-eCYdqJ jlggeC"
        />
        <div
          className="sc-eCYdqJ jlggeC"
        />
        <div
          className="sc-eCYdqJ jlggeC"
        />
        <div
          className="sc-eCYdqJ jlggeC"
        />
        <div
          className="sc-eCYdqJ jlggeC"
        />
        <div
          className="sc-eCYdqJ jlggeC"
        />
        <div
          className="sc-eCYdqJ jlggeC"
        />
        <div
          className="sc-eCYdqJ jlggeC"
        />
        <div
          className="sc-eCYdqJ jlggeC"
        />
        <div
          className="sc-eCYdqJ jlggeC"
        />
        <div
          className="sc-eCYdqJ jlggeC"
        />
        <div
          className="sc-eCYdqJ jlggeC"
        />
        <div
          className="sc-eCYdqJ jlggeC"
        />
        <div
          className="sc-eCYdqJ jlggeC"
        />
        <div
          className="sc-eCYdqJ jlggeC"
        />
        <div
          className="sc-eCYdqJ jlggeC"
        />
        <div
          className="sc-eCYdqJ jlggeC"
        />
        <div
          className="sc-eCYdqJ jlggeC"
        />
        <div
          className="sc-eCYdqJ jlggeC"
        />
        <div
          className="sc-eCYdqJ jlggeC"
        />
        <div
          className="sc-eCYdqJ jlggeC"
        />
        <div
          className="sc-eCYdqJ jlggeC"
        />
        <div
          className="sc-eCYdqJ jlggeC"
        />
        <div
          className="sc-eCYdqJ jlggeC"
        />
        <div
          className="sc-eCYdqJ jlggeC"
        />
        <div
          className="sc-eCYdqJ jlggeC"
        />
        <div
          className="sc-eCYdqJ jlggeC"
        />
        <div
          className="sc-eCYdqJ jlggeC"
        />
        <div
          className="sc-eCYdqJ jlggeC"
        />
        <div
          className="sc-eCYdqJ jlggeC"
        />
        <div
          className="sc-eCYdqJ jlggeC"
        />
        <div
          className="sc-eCYdqJ jlggeC"
        />
        <div
          className="sc-eCYdqJ jlggeC"
        />
        <div
          className="sc-eCYdqJ jlggeC"
        />
        <div
          className="sc-eCYdqJ jlggeC"
        />
        <div
          className="sc-eCYdqJ jlggeC"
        />
        <div
          className="sc-eCYdqJ jlggeC"
        />
        <div
          className="sc-eCYdqJ jlggeC"
        />
        <div
          className="sc-eCYdqJ jlggeC"
        />
        <div
          className="sc-eCYdqJ jlggeC"
        />
        <div
          className="sc-eCYdqJ jlggeC"
        />
        <div
          className="sc-eCYdqJ jlggeC"
        />
        <div
          className="sc-eCYdqJ jlggeC"
        />
        <div
          className="sc-eCYdqJ jlggeC"
        />
        <div
          className="sc-eCYdqJ jlggeC"
        />
        <div
          className="sc-eCYdqJ jlggeC"
        />
        <div
          className="sc-eCYdqJ jlggeC"
        />
        <div
          className="sc-eCYdqJ jlggeC"
        />
        <div
          className="sc-eCYdqJ jlggeC"
        />
        <div
          className="sc-eCYdqJ jlggeC"
        />
        <div
          className="sc-eCYdqJ jlggeC"
        />
        <div
          className="sc-eCYdqJ jlggeC"
        />
        <div
          className="sc-eCYdqJ jlggeC"
        />
        <div
          className="sc-eCYdqJ jlggeC"
        />
        <div
          className="sc-eCYdqJ jlggeC"
        />
        <div
          className="sc-eCYdqJ jlggeC"
        />
        <div
          className="sc-eCYdqJ jlggeC"
        />
        <div
          className="sc-eCYdqJ jlggeC"
        />
        <div
          className="sc-eCYdqJ jlggeC"
        />
        <div
          className="sc-eCYdqJ jlggeC"
        />
        <div
          className="sc-eCYdqJ jlggeC"
        />
        <div
          className="sc-eCYdqJ jlggeC"
        />
        <div
          className="sc-eCYdqJ jlggeC"
        />
        <div
          className="sc-eCYdqJ jlggeC"
        />
        <div
          className="sc-eCYdqJ jlggeC"
        />
        <div
          className="sc-eCYdqJ jlggeC"
        />
        <div
          className="sc-eCYdqJ jlggeC"
        />
        <div
          className="sc-eCYdqJ jlggeC"
        />
        <div
          className="sc-eCYdqJ jlggeC"
        />
        <div
          className="sc-eCYdqJ jlggeC"
        />
        <div
          className="sc-eCYdqJ jlggeC"
        />
        <div
          className="sc-eCYdqJ jlggeC"
        />
        <div
          className="sc-eCYdqJ jlggeC"
        />
        <div
          className="sc-eCYdqJ jlggeC"
        />
        <div
          className="sc-eCYdqJ jlggeC"
        />
        <div
          className="sc-eCYdqJ jlggeC"
        />
        <div
          className="sc-eCYdqJ jlggeC"
        />
        <div
          className="sc-eCYdqJ jlggeC"
        />
        <div
          className="sc-eCYdqJ jlggeC"
        />
        <div
          className="sc-eCYdqJ jlggeC"
        />
        <div
          className="sc-eCYdqJ jlggeC"
        />
        <div
          className="sc-eCYdqJ jlggeC"
        />
        <div
          className="sc-eCYdqJ jlggeC"
        />
        <div
          className="sc-eCYdqJ jlggeC"
        />
        <div
          className="sc-eCYdqJ jlggeC"
        />
        <div
          className="sc-eCYdqJ jlggeC"
        />
        <div
          className="sc-eCYdqJ jlggeC"
        />
        <div
          className="sc-eCYdqJ jlggeC"
        />
        <div
          className="sc-eCYdqJ jlggeC"
        />
        <div
          className="sc-eCYdqJ jlggeC"
        />
        <div
          className="sc-eCYdqJ jlggeC"
        />
        <div
          className="sc-eCYdqJ jlggeC"
        />
        <div
          className="sc-eCYdqJ jlggeC"
        />
        <div
          className="sc-eCYdqJ jlggeC"
        />
        <div
          className="sc-eCYdqJ jlggeC"
        />
        <div
          className="sc-eCYdqJ jlggeC"
        />
        <div
          className="sc-eCYdqJ jlggeC"
        />
        <div
          className="sc-eCYdqJ jlggeC"
        />
        <div
          className="sc-eCYdqJ jlggeC"
        />
        <div
          className="sc-eCYdqJ jlggeC"
        />
        <div
          className="sc-eCYdqJ jlggeC"
        />
        <div
          className="sc-eCYdqJ jlggeC"
        />
        <div
          className="sc-eCYdqJ jlggeC"
        />
        <div
          className="sc-eCYdqJ jlggeC"
        />
        <div
          className="sc-eCYdqJ jlggeC"
        />
        <div
          className="sc-eCYdqJ jlggeC"
        />
        <div
          className="sc-eCYdqJ jlggeC"
        />
        <div
          className="sc-eCYdqJ jlggeC"
        />
        <div
          className="sc-eCYdqJ jlggeC"
        />
        <div
          className="sc-eCYdqJ jlggeC"
        />
        <div
          className="sc-eCYdqJ jlggeC"
        />
        <div
          className="sc-eCYdqJ jlggeC"
        />
        <div
          className="sc-eCYdqJ jlggeC"
        />
        <div
          className="sc-eCYdqJ jlggeC"
        />
        <div
          className="sc-eCYdqJ jlggeC"
        />
        <div
          className="sc-eCYdqJ jlggeC"
        />
        <div
          className="sc-eCYdqJ jlggeC"
        />
        <div
          className="sc-eCYdqJ jlggeC"
        />
        <div
          className="sc-eCYdqJ jlggeC"
        />
        <div
          className="sc-eCYdqJ jlggeC"
        />
        <div
          className="sc-eCYdqJ jlggeC"
        />
        <div
          className="sc-eCYdqJ jlggeC"
        />
        <div
          className="sc-eCYdqJ jlggeC"
        />
        <div
          className="sc-eCYdqJ jlggeC"
        />
        <div
          className="sc-eCYdqJ jlggeC"
        />
        <div
          className="sc-eCYdqJ jlggeC"
        />
        <div
          className="sc-eCYdqJ jlggeC"
        />
        <div
          className="sc-eCYdqJ jlggeC"
        />
        <div
          className="sc-eCYdqJ jlggeC"
        />
        <div
          className="sc-eCYdqJ jlggeC"
        />
        <div
          className="sc-eCYdqJ jlggeC"
        />
        <div
          className="sc-eCYdqJ jlggeC"
        />
        <div
          className="sc-eCYdqJ jlggeC"
        />
        <div
          className="sc-eCYdqJ jlggeC"
        />
        <div
          className="sc-eCYdqJ jlggeC"
        />
        <div
          className="sc-eCYdqJ jlggeC"
        />
        <div
          className="sc-eCYdqJ jlggeC"
        />
        <div
          className="sc-eCYdqJ jlggeC"
        />
        <div
          className="sc-eCYdqJ jlggeC"
        />
        <div
          className="sc-eCYdqJ jlggeC"
        />
        <div
          className="sc-eCYdqJ jlggeC"
        />
        <div
          className="sc-eCYdqJ jlggeC"
        />
        <div
          className="sc-eCYdqJ jlggeC"
        />
        <div
          className="sc-eCYdqJ jlggeC"
        />
        <div
          className="sc-eCYdqJ jlggeC"
        />
        <div
          className="sc-eCYdqJ jlggeC"
        />
        <div
          className="sc-eCYdqJ jlggeC"
        />
        <div
          className="sc-eCYdqJ jlggeC"
        />
        <div
          className="sc-eCYdqJ jlggeC"
        />
        <div
          className="sc-eCYdqJ jlggeC"
        />
        <div
          className="sc-eCYdqJ jlggeC"
        />
        <div
          className="sc-eCYdqJ jlggeC"
        />
        <div
          className="sc-eCYdqJ jlggeC"
        />
        <div
          className="sc-eCYdqJ jlggeC"
        />
        <div
          className="sc-eCYdqJ jlggeC"
        />
        <div
          className="sc-eCYdqJ jlggeC"
        />
        <div
          className="sc-eCYdqJ jlggeC"
        />
        <div
          className="sc-eCYdqJ jlggeC"
        />
        <div
          className="sc-eCYdqJ jlggeC"
        />
        <div
          className="sc-eCYdqJ jlggeC"
        />
        <div
          className="sc-eCYdqJ jlggeC"
        />
        <div
          className="sc-eCYdqJ jlggeC"
        />
        <div
          className="sc-eCYdqJ jlggeC"
        />
        <div
          className="sc-eCYdqJ jlggeC"
        />
        <div
          className="sc-eCYdqJ jlggeC"
        />
        <div
          className="sc-eCYdqJ jlggeC"
        />
        <div
          className="sc-eCYdqJ jlggeC"
        />
        <div
          className="sc-eCYdqJ jlggeC"
        />
        <div
          className="sc-eCYdqJ jlggeC"
        />
        <div
          className="sc-eCYdqJ jlggeC"
        />
        <div
          className="sc-eCYdqJ jlggeC"
        />
        <div
          className="sc-eCYdqJ jlggeC"
        />
        <div
          className="sc-eCYdqJ jlggeC"
        />
        <div
          className="sc-eCYdqJ jlggeC"
        />
        <div
          className="sc-eCYdqJ jlggeC"
        />
        <div
          className="sc-eCYdqJ jlggeC"
        />
      </div>
    </div>
    <div
      className="sc-jSMfEi llrJYw"
    >
      <div
        className="sc-gKXOVf hiePAm"
      >
         
        Jan
         
      </div>
      <div
        className="sc-gKXOVf hiePAm"
      >
         
        Feb
         
      </div>
      <div
        className="sc-gKXOVf hiePAm"
      >
         
        Mar
         
      </div>
      <div
        className="sc-gKXOVf buqeZn"
      >
         
        Apr
         
      </div>
      <div
        className="sc-gKXOVf hiePAm"
      >
         
        May
         
      </div>
      <div
        className="sc-gKXOVf hiePAm"
      >
         
        June
         
      </div>
      <div
        className="sc-gKXOVf buqeZn"
      >
         
        July
         
      </div>
      <div
        className="sc-gKXOVf hiePAm"
      >
         
        Aug
         
      </div>
      <div
        className="sc-gKXOVf hiePAm"
      >
         
        Sep
         
      </div>
      <div
        className="sc-gKXOVf buqeZn"
      >
         
        Oct
         
      </div>
      <div
        className="sc-gKXOVf hiePAm"
      >
         
        Nov
         
      </div>
      <div
        className="sc-gKXOVf buqeZn"
      >
         
        Dec
         
      </div>
    </div>
  </div>
</div>
`;
